# serializer version: 1
# name: test_diagnostics_snapshot
  dict({
    'capacities': dict({
      'actual': dict({
        'source': 'input_number.car_actual_capacity',
        'value_kwh': 70.0,
      }),
      'factory': dict({
        'source': '77 kWh (fixed)',
        'value_kwh': 77.0,
      }),
    }),
    'entry': dict({
      'data': dict({
        'capacity_actual_entity': 'input_number.car_actual_capacity',
        'capacity_factory_kwh': 77.0,
        'charging_sensor': 'binary_sensor.car_charging',
        'mileage_sensor': 'sensor.car_mileage',
        'name': 'Test Car',
        'range_sensor': 'sensor.car_range',
        'soc_sensor': 'sensor.car_battery_percentage',
      }),
      'entry_id': 'snapshot_test_entry',
      'options': dict({
      }),
      'state': 'ConfigEntryState.LOADED',
      'title': '**REDACTED**',
      'unique_id': '**REDACTED**',
      'version': 2,
    }),
    'histories': dict({
      'mileage': dict({
        'latest': dict({
          'timestamp': '<ISO_TIMESTAMP>',
          'value': 10000.0,
        }),
        'oldest': dict({
          'timestamp': '<ISO_TIMESTAMP>',
          'value': 10000.0,
        }),
        'sample_count': 1,
      }),
      'soc': dict({
        'latest': dict({
          'timestamp': '<ISO_TIMESTAMP>',
          'value': 50.0,
        }),
        'oldest': dict({
          'timestamp': '<ISO_TIMESTAMP>',
          'value': 50.0,
        }),
        'sample_count': 1,
      }),
    }),
    'sources': dict({
      'charging': dict({
        'entity_id': 'binary_sensor.car_charging',
        'state': 'off',
        'unit_of_measurement': None,
      }),
      'mileage': dict({
        'entity_id': 'sensor.car_mileage',
        'state': '10000',
        'unit_of_measurement': 'km',
      }),
      'range': dict({
        'entity_id': 'sensor.car_range',
        'state': '200',
        'unit_of_measurement': 'km',
      }),
      'soc': dict({
        'entity_id': 'sensor.car_battery_percentage',
        'state': '50',
        'unit_of_measurement': None,
      }),
    }),
    'tracker': dict({
      'baseline': None,
      'is_charging': False,
      'last_session': None,
    }),
    'version': '1.5.0',
  })
# ---
# name: test_entity_schema_snapshot
  list([
    dict({
      'device_class': 'power',
      'entity_category': None,
      'state_class': <SensorStateClass.MEASUREMENT: 'measurement'>,
      'translation_key': 'avg_charging_power_actual',
      'unique_id_suffix': 'avg_charging_power_actual',
      'unit_of_measurement': <UnitOfPower.KILO_WATT: 'kW'>,
    }),
    dict({
      'device_class': 'power',
      'entity_category': None,
      'state_class': <SensorStateClass.MEASUREMENT: 'measurement'>,
      'translation_key': 'avg_charging_power_factory',
      'unique_id_suffix': 'avg_charging_power_factory',
      'unit_of_measurement': <UnitOfPower.KILO_WATT: 'kW'>,
    }),
    dict({
      'device_class': None,
      'entity_category': None,
      'state_class': <SensorStateClass.MEASUREMENT: 'measurement'>,
      'translation_key': 'avg_efficiency_rolling_7_days_actual_km_per_kwh',
      'unique_id_suffix': 'avg_efficiency_rolling_7_days_actual_km_per_kwh',
      'unit_of_measurement': 'km/kWh',
    }),
    dict({
      'device_class': None,
      'entity_category': None,
      'state_class': <SensorStateClass.MEASUREMENT: 'measurement'>,
      'translation_key': 'avg_efficiency_rolling_7_days_actual_kwh_per_100km',
      'unique_id_suffix': 'avg_efficiency_rolling_7_days_actual_kwh_per_100km',
      'unit_of_measurement': 'kWh/100 km',
    }),
    dict({
      'device_class': None,
      'entity_category': None,
      'state_class': <SensorStateClass.MEASUREMENT: 'measurement'>,
      'translation_key': 'avg_efficiency_rolling_7_days_factory_km_per_kwh',
      'unique_id_suffix': 'avg_efficiency_rolling_7_days_factory_km_per_kwh',
      'unit_of_measurement': 'km/kWh',
    }),
    dict({
      'device_class': None,
      'entity_category': None,
      'state_class': <SensorStateClass.MEASUREMENT: 'measurement'>,
      'translation_key': 'avg_efficiency_rolling_7_days_factory_kwh_per_100km',
      'unique_id_suffix': 'avg_efficiency_rolling_7_days_factory_kwh_per_100km',
      'unit_of_measurement': 'kWh/100 km',
    }),
    dict({
      'device_class': None,
      'entity_category': None,
      'state_class': <SensorStateClass.MEASUREMENT: 'measurement'>,
      'translation_key': 'avg_efficiency_this_week_actual_km_per_kwh',
      'unique_id_suffix': 'avg_efficiency_this_week_actual_km_per_kwh',
      'unit_of_measurement': 'km/kWh',
    }),
    dict({
      'device_class': None,
      'entity_category': None,
      'state_class': <SensorStateClass.MEASUREMENT: 'measurement'>,
      'translation_key': 'avg_efficiency_this_week_actual_kwh_per_100km',
      'unique_id_suffix': 'avg_efficiency_this_week_actual_kwh_per_100km',
      'unit_of_measurement': 'kWh/100 km',
    }),
    dict({
      'device_class': None,
      'entity_category': None,
      'state_class': <SensorStateClass.MEASUREMENT: 'measurement'>,
      'translation_key': 'avg_efficiency_this_week_factory_km_per_kwh',
      'unique_id_suffix': 'avg_efficiency_this_week_factory_km_per_kwh',
      'unit_of_measurement': 'km/kWh',
    }),
    dict({
      'device_class': None,
      'entity_category': None,
      'state_class': <SensorStateClass.MEASUREMENT: 'measurement'>,
      'translation_key': 'avg_efficiency_this_week_factory_kwh_per_100km',
      'unique_id_suffix': 'avg_efficiency_this_week_factory_kwh_per_100km',
      'unit_of_measurement': 'kWh/100 km',
    }),
    dict({
      'device_class': None,
      'entity_category': None,
      'state_class': <SensorStateClass.MEASUREMENT: 'measurement'>,
      'translation_key': 'charge_count_rolling_7_days',
      'unique_id_suffix': 'charge_count_rolling_7_days',
      'unit_of_measurement': 'charges',
    }),
    dict({
      'device_class': None,
      'entity_category': None,
      'state_class': <SensorStateClass.TOTAL: 'total'>,
      'translation_key': 'charge_count_this_week',
      'unique_id_suffix': 'charge_count_this_week',
      'unit_of_measurement': 'charges',
    }),
    dict({
      'device_class': 'duration',
      'entity_category': None,
      'state_class': <SensorStateClass.MEASUREMENT: 'measurement'>,
      'translation_key': 'days_to_low_soc',
      'unique_id_suffix': 'days_to_low_soc',
      'unit_of_measurement': <UnitOfTime.DAYS: 'd'>,
    }),
    dict({
      'device_class': 'distance',
      'entity_category': None,
      'state_class': <SensorStateClass.MEASUREMENT: 'measurement'>,
      'translation_key': 'distance_rolling_7_days',
      'unique_id_suffix': 'distance_rolling_7_days',
      'unit_of_measurement': <UnitOfLength.KILOMETERS: 'km'>,
    }),
    dict({
      'device_class': 'distance',
      'entity_category': None,
      'state_class': <SensorStateClass.TOTAL: 'total'>,
      'translation_key': 'distance_this_month',
      'unique_id_suffix': 'distance_this_month',
      'unit_of_measurement': <UnitOfLength.KILOMETERS: 'km'>,
    }),
    dict({
      'device_class': 'distance',
      'entity_category': None,
      'state_class': <SensorStateClass.TOTAL: 'total'>,
      'translation_key': 'distance_this_week',
      'unique_id_suffix': 'distance_this_week',
      'unit_of_measurement': <UnitOfLength.KILOMETERS: 'km'>,
    }),
    dict({
      'device_class': 'distance',
      'entity_category': None,
      'state_class': <SensorStateClass.TOTAL: 'total'>,
      'translation_key': 'distance_this_year',
      'unique_id_suffix': 'distance_this_year',
      'unit_of_measurement': <UnitOfLength.KILOMETERS: 'km'>,
    }),
    dict({
      'device_class': 'distance',
      'entity_category': None,
      'state_class': <SensorStateClass.MEASUREMENT: 'measurement'>,
      'translation_key': 'distance_week_delta',
      'unique_id_suffix': 'distance_week_delta',
      'unit_of_measurement': <UnitOfLength.KILOMETERS: 'km'>,
    }),
    dict({
      'device_class': None,
      'entity_category': None,
      'state_class': <SensorStateClass.MEASUREMENT: 'measurement'>,
      'translation_key': 'efficiency_actual_km_per_kwh',
      'unique_id_suffix': 'efficiency_actual_km_per_kwh',
      'unit_of_measurement': 'km/kWh',
    }),
    dict({
      'device_class': None,
      'entity_category': None,
      'state_class': <SensorStateClass.MEASUREMENT: 'measurement'>,
      'translation_key': 'efficiency_actual_kwh_per_100km',
      'unique_id_suffix': 'efficiency_actual_kwh_per_100km',
      'unit_of_measurement': 'kWh/100 km',
    }),
    dict({
      'device_class': None,
      'entity_category': None,
      'state_class': <SensorStateClass.MEASUREMENT: 'measurement'>,
      'translation_key': 'efficiency_factory_km_per_kwh',
      'unique_id_suffix': 'efficiency_factory_km_per_kwh',
      'unit_of_measurement': 'km/kWh',
    }),
    dict({
      'device_class': None,
      'entity_category': None,
      'state_class': <SensorStateClass.MEASUREMENT: 'measurement'>,
      'translation_key': 'efficiency_factory_kwh_per_100km',
      'unique_id_suffix': 'efficiency_factory_kwh_per_100km',
      'unit_of_measurement': 'kWh/100 km',
    }),
    dict({
      'device_class': None,
      'entity_category': None,
      'state_class': <SensorStateClass.MEASUREMENT: 'measurement'>,
      'translation_key': 'energy_consumed_rolling_7_days_actual',
      'unique_id_suffix': 'energy_consumed_rolling_7_days_actual',
      'unit_of_measurement': <UnitOfEnergy.KILO_WATT_HOUR: 'kWh'>,
    }),
    dict({
      'device_class': None,
      'entity_category': None,
      'state_class': <SensorStateClass.MEASUREMENT: 'measurement'>,
      'translation_key': 'energy_consumed_rolling_7_days_factory',
      'unique_id_suffix': 'energy_consumed_rolling_7_days_factory',
      'unit_of_measurement': <UnitOfEnergy.KILO_WATT_HOUR: 'kWh'>,
    }),
    dict({
      'device_class': 'energy',
      'entity_category': None,
      'state_class': <SensorStateClass.TOTAL: 'total'>,
      'translation_key': 'energy_consumed_this_week_actual',
      'unique_id_suffix': 'energy_consumed_this_week_actual',
      'unit_of_measurement': <UnitOfEnergy.KILO_WATT_HOUR: 'kWh'>,
    }),
    dict({
      'device_class': 'energy',
      'entity_category': None,
      'state_class': <SensorStateClass.TOTAL: 'total'>,
      'translation_key': 'energy_consumed_this_week_factory',
      'unique_id_suffix': 'energy_consumed_this_week_factory',
      'unit_of_measurement': <UnitOfEnergy.KILO_WATT_HOUR: 'kWh'>,
    }),
    dict({
      'device_class': None,
      'entity_category': None,
      'state_class': <SensorStateClass.MEASUREMENT: 'measurement'>,
      'translation_key': 'energy_consumed_week_delta_actual',
      'unique_id_suffix': 'energy_consumed_week_delta_actual',
      'unit_of_measurement': <UnitOfEnergy.KILO_WATT_HOUR: 'kWh'>,
    }),
    dict({
      'device_class': None,
      'entity_category': None,
      'state_class': <SensorStateClass.MEASUREMENT: 'measurement'>,
      'translation_key': 'energy_consumed_week_delta_factory',
      'unique_id_suffix': 'energy_consumed_week_delta_factory',
      'unit_of_measurement': <UnitOfEnergy.KILO_WATT_HOUR: 'kWh'>,
    }),
    dict({
      'device_class': 'distance',
      'entity_category': None,
      'state_class': <SensorStateClass.MEASUREMENT: 'measurement'>,
      'translation_key': 'full_battery_range',
      'unique_id_suffix': 'full_battery_range',
      'unit_of_measurement': <UnitOfLength.KILOMETERS: 'km'>,
    }),
    dict({
      'device_class': 'energy',
      'entity_category': None,
      'state_class': <SensorStateClass.TOTAL: 'total'>,
      'translation_key': 'last_charge_added_actual',
      'unique_id_suffix': 'last_charge_added_actual',
      'unit_of_measurement': <UnitOfEnergy.KILO_WATT_HOUR: 'kWh'>,
    }),
    dict({
      'device_class': 'energy',
      'entity_category': None,
      'state_class': <SensorStateClass.TOTAL: 'total'>,
      'translation_key': 'last_charge_added_factory',
      'unique_id_suffix': 'last_charge_added_factory',
      'unit_of_measurement': <UnitOfEnergy.KILO_WATT_HOUR: 'kWh'>,
    }),
    dict({
      'device_class': 'timestamp',
      'entity_category': 'diagnostic',
      'state_class': None,
      'translation_key': 'last_charged',
      'unique_id_suffix': 'last_charged',
      'unit_of_measurement': None,
    }),
    dict({
      'device_class': None,
      'entity_category': None,
      'state_class': <SensorStateClass.MEASUREMENT: 'measurement'>,
      'translation_key': 'measured_efficiency_actual_km_per_kwh',
      'unique_id_suffix': 'measured_efficiency_actual_km_per_kwh',
      'unit_of_measurement': 'km/kWh',
    }),
    dict({
      'device_class': None,
      'entity_category': None,
      'state_class': <SensorStateClass.MEASUREMENT: 'measurement'>,
      'translation_key': 'measured_efficiency_actual_kwh_per_100km',
      'unique_id_suffix': 'measured_efficiency_actual_kwh_per_100km',
      'unit_of_measurement': 'kWh/100 km',
    }),
    dict({
      'device_class': None,
      'entity_category': None,
      'state_class': <SensorStateClass.MEASUREMENT: 'measurement'>,
      'translation_key': 'measured_efficiency_factory_km_per_kwh',
      'unique_id_suffix': 'measured_efficiency_factory_km_per_kwh',
      'unit_of_measurement': 'km/kWh',
    }),
    dict({
      'device_class': None,
      'entity_category': None,
      'state_class': <SensorStateClass.MEASUREMENT: 'measurement'>,
      'translation_key': 'measured_efficiency_factory_kwh_per_100km',
      'unique_id_suffix': 'measured_efficiency_factory_kwh_per_100km',
      'unit_of_measurement': 'kWh/100 km',
    }),
    dict({
      'device_class': 'distance',
      'entity_category': None,
      'state_class': <SensorStateClass.MEASUREMENT: 'measurement'>,
      'translation_key': 'measured_full_range',
      'unique_id_suffix': 'measured_full_range',
      'unit_of_measurement': <UnitOfLength.KILOMETERS: 'km'>,
    }),
    dict({
      'device_class': None,
      'entity_category': 'diagnostic',
      'state_class': None,
      'translation_key': 'session_log',
      'unique_id_suffix': 'session_log',
      'unit_of_measurement': None,
    }),
    dict({
      'device_class': None,
      'entity_category': None,
      'state_class': <SensorStateClass.MEASUREMENT: 'measurement'>,
      'translation_key': 'standstill_consumption_rolling_7_days_actual',
      'unique_id_suffix': 'standstill_consumption_rolling_7_days_actual',
      'unit_of_measurement': <UnitOfEnergy.KILO_WATT_HOUR: 'kWh'>,
    }),
    dict({
      'device_class': None,
      'entity_category': None,
      'state_class': <SensorStateClass.MEASUREMENT: 'measurement'>,
      'translation_key': 'standstill_consumption_rolling_7_days_factory',
      'unique_id_suffix': 'standstill_consumption_rolling_7_days_factory',
      'unit_of_measurement': <UnitOfEnergy.KILO_WATT_HOUR: 'kWh'>,
    }),
    dict({
      'device_class': 'energy',
      'entity_category': None,
      'state_class': <SensorStateClass.TOTAL: 'total'>,
      'translation_key': 'standstill_consumption_this_week_actual',
      'unique_id_suffix': 'standstill_consumption_this_week_actual',
      'unit_of_measurement': <UnitOfEnergy.KILO_WATT_HOUR: 'kWh'>,
    }),
    dict({
      'device_class': 'energy',
      'entity_category': None,
      'state_class': <SensorStateClass.TOTAL: 'total'>,
      'translation_key': 'standstill_consumption_this_week_factory',
      'unique_id_suffix': 'standstill_consumption_this_week_factory',
      'unit_of_measurement': <UnitOfEnergy.KILO_WATT_HOUR: 'kWh'>,
    }),
    dict({
      'device_class': None,
      'entity_category': None,
      'state_class': <SensorStateClass.MEASUREMENT: 'measurement'>,
      'translation_key': 'standstill_ratio_rolling_7_days',
      'unique_id_suffix': 'standstill_ratio_rolling_7_days',
      'unit_of_measurement': '%',
    }),
    dict({
      'device_class': None,
      'entity_category': None,
      'state_class': <SensorStateClass.MEASUREMENT: 'measurement'>,
      'translation_key': 'standstill_ratio_this_week',
      'unique_id_suffix': 'standstill_ratio_this_week',
      'unit_of_measurement': '%',
    }),
    dict({
      'device_class': None,
      'entity_category': None,
      'state_class': <SensorStateClass.MEASUREMENT: 'measurement'>,
      'translation_key': 'state_of_health',
      'unique_id_suffix': 'state_of_health',
      'unit_of_measurement': '%',
    }),
    dict({
      'device_class': 'duration',
      'entity_category': None,
      'state_class': <SensorStateClass.MEASUREMENT: 'measurement'>,
      'translation_key': 'time_since_last_charge',
      'unique_id_suffix': 'time_since_last_charge',
      'unit_of_measurement': <UnitOfTime.HOURS: 'h'>,
    }),
  ])
# ---
